
========================================================================
              PROCESO SOLICITANTE (PS) — REQ/REP contra GC              
------------------------------------------------------------------------
  Conectando a  : tcp://10.43.101.220:5555
  Timeout (s)   : 2.0
  Backoff (s)   : 0.5, 1.0, 2.0, 4.0
  Lote a enviar : 50 solicitudes
  Log métricas  : /home/estudiante/ProyectoDistribuidos/biblioteca-clientes/multi_ps_logs/ps1_metrics.txt
========================================================================

------------------------------------------------------------------------
                         ENVÍO 1/50 (intento 1)                         
------------------------------------------------------------------------
  request_id : acedb0dfe36c4bb28ab8c9200711f0e7
  operation  : devolucion
  book_code  : BOOK-19
  user_id    : 96
------------------------------------------------------------------------

------------------------------------------------------------------------
                            RESPUESTA DEL GC                            
------------------------------------------------------------------------
  status  : OK
  estado  : ok
  mensaje : Operacion aceptada
  ts      : 2025-11-19T23:24:57.340148Z
  info    :
    - operacion: devolucion
    - book_code: BOOK-19
    - user_id: 96
    - recv_ts: 2025-11-19T23:24:57.340049Z
------------------------------------------------------------------------

------------------------------------------------------------------------
                         ENVÍO 2/50 (intento 1)                         
------------------------------------------------------------------------
  request_id : 09d7c2ce1b9f4da9a9505a5e98e81d03
  operation  : devolucion
  book_code  : BOOK-424
  user_id    : 83
------------------------------------------------------------------------

------------------------------------------------------------------------
                            RESPUESTA DEL GC                            
------------------------------------------------------------------------
  status  : OK
  estado  : ok
  mensaje : Operacion aceptada
  ts      : 2025-11-19T23:24:57.347902Z
  info    :
    - operacion: devolucion
    - book_code: BOOK-424
    - user_id: 83
    - recv_ts: 2025-11-19T23:24:57.347838Z
------------------------------------------------------------------------

------------------------------------------------------------------------
                         ENVÍO 3/50 (intento 1)                         
------------------------------------------------------------------------
  request_id : 3f936697df4949e6963fb9c304fe092d
  operation  : renovacion
  book_code  : BOOK-942
  user_id    : 51
------------------------------------------------------------------------

------------------------------------------------------------------------
                            RESPUESTA DEL GC                            
------------------------------------------------------------------------
  status  : OK
  estado  : ok
  mensaje : Operacion aceptada
  ts      : 2025-11-19T23:24:57.349592Z
  info    :
    - operacion: renovacion
    - book_code: BOOK-942
    - user_id: 51
    - recv_ts: 2025-11-19T23:24:57.349527Z
------------------------------------------------------------------------

------------------------------------------------------------------------
                         ENVÍO 4/50 (intento 1)                         
------------------------------------------------------------------------
  request_id : df83da59a5ee4dba8963746687a09481
  operation  : devolucion
  book_code  : BOOK-154
  user_id    : 41
------------------------------------------------------------------------

------------------------------------------------------------------------
                            RESPUESTA DEL GC                            
------------------------------------------------------------------------
  status  : OK
  estado  : ok
  mensaje : Operacion aceptada
  ts      : 2025-11-19T23:24:57.353020Z
  info    :
    - operacion: devolucion
    - book_code: BOOK-154
    - user_id: 41
    - recv_ts: 2025-11-19T23:24:57.352991Z
------------------------------------------------------------------------

------------------------------------------------------------------------
                         ENVÍO 5/50 (intento 1)                         
------------------------------------------------------------------------
  request_id : 5e7c524339844e40be3f2cdc44bc6d4c
  operation  : devolucion
  book_code  : BOOK-410
  user_id    : 78
------------------------------------------------------------------------

------------------------------------------------------------------------
                            RESPUESTA DEL GC                            
------------------------------------------------------------------------
  status  : OK
  estado  : ok
  mensaje : Operacion aceptada
  ts      : 2025-11-19T23:24:57.355185Z
  info    :
    - operacion: devolucion
    - book_code: BOOK-410
    - user_id: 78
    - recv_ts: 2025-11-19T23:24:57.355152Z
------------------------------------------------------------------------

------------------------------------------------------------------------
                         ENVÍO 6/50 (intento 1)                         
------------------------------------------------------------------------
  request_id : 170e01e22c1c496f87f0fb6d971e2f63
  operation  : devolucion
  book_code  : BOOK-539
  user_id    : 56
------------------------------------------------------------------------

------------------------------------------------------------------------
                            RESPUESTA DEL GC                            
------------------------------------------------------------------------
  status  : OK
  estado  : ok
  mensaje : Operacion aceptada
  ts      : 2025-11-19T23:24:57.356545Z
  info    :
    - operacion: devolucion
    - book_code: BOOK-539
    - user_id: 56
    - recv_ts: 2025-11-19T23:24:57.356534Z
------------------------------------------------------------------------

------------------------------------------------------------------------
                         ENVÍO 7/50 (intento 1)                         
------------------------------------------------------------------------
  request_id : c38f1c42d3b949bc846f2d5a791049da
  operation  : renovacion
  book_code  : BOOK-307
  user_id    : 76
------------------------------------------------------------------------

------------------------------------------------------------------------
                            RESPUESTA DEL GC                            
------------------------------------------------------------------------
  status  : OK
  estado  : ok
  mensaje : Operacion aceptada
  ts      : 2025-11-19T23:24:57.357500Z
  info    :
    - operacion: renovacion
    - book_code: BOOK-307
    - user_id: 76
    - recv_ts: 2025-11-19T23:24:57.357481Z
------------------------------------------------------------------------

------------------------------------------------------------------------
                         ENVÍO 8/50 (intento 1)                         
------------------------------------------------------------------------
  request_id : cdd051320dd24a26b11f8a350a9514ad
  operation  : devolucion
  book_code  : BOOK-349
  user_id    : 37
------------------------------------------------------------------------

------------------------------------------------------------------------
                            RESPUESTA DEL GC                            
------------------------------------------------------------------------
  status  : OK
  estado  : ok
  mensaje : Operacion aceptada
  ts      : 2025-11-19T23:24:57.358981Z
  info    :
    - operacion: devolucion
    - book_code: BOOK-349
    - user_id: 37
    - recv_ts: 2025-11-19T23:24:57.358959Z
------------------------------------------------------------------------

------------------------------------------------------------------------
                         ENVÍO 9/50 (intento 1)                         
------------------------------------------------------------------------
  request_id : b899824e88844f02b682c30820c60309
  operation  : devolucion
  book_code  : BOOK-10
  user_id    : 16
------------------------------------------------------------------------

------------------------------------------------------------------------
                            RESPUESTA DEL GC                            
------------------------------------------------------------------------
  status  : OK
  estado  : ok
  mensaje : Operacion aceptada
  ts      : 2025-11-19T23:24:57.359952Z
  info    :
    - operacion: devolucion
    - book_code: BOOK-10
    - user_id: 16
    - recv_ts: 2025-11-19T23:24:57.359929Z
------------------------------------------------------------------------

------------------------------------------------------------------------
                        ENVÍO 10/50 (intento 1)                         
------------------------------------------------------------------------
  request_id : 6788649c92964225b86d02da6c8871fd
  operation  : devolucion
  book_code  : BOOK-282
  user_id    : 89
------------------------------------------------------------------------

------------------------------------------------------------------------
                            RESPUESTA DEL GC                            
------------------------------------------------------------------------
  status  : OK
  estado  : ok
  mensaje : Operacion aceptada
  ts      : 2025-11-19T23:24:57.362504Z
  info    :
    - operacion: devolucion
    - book_code: BOOK-282
    - user_id: 89
    - recv_ts: 2025-11-19T23:24:57.362480Z
------------------------------------------------------------------------

------------------------------------------------------------------------
                        ENVÍO 11/50 (intento 1)                         
------------------------------------------------------------------------
  request_id : 4a6a838d084d4559beaeb7cfe4f74eb4
  operation  : renovacion
  book_code  : BOOK-987
  user_id    : 92
------------------------------------------------------------------------

------------------------------------------------------------------------
                            RESPUESTA DEL GC                            
------------------------------------------------------------------------
  status  : OK
  estado  : ok
  mensaje : Operacion aceptada
  ts      : 2025-11-19T23:24:57.363207Z
  info    :
    - operacion: renovacion
    - book_code: BOOK-987
    - user_id: 92
    - recv_ts: 2025-11-19T23:24:57.363183Z
------------------------------------------------------------------------

------------------------------------------------------------------------
                        ENVÍO 12/50 (intento 1)                         
------------------------------------------------------------------------
  request_id : 1ee440f02a1141bc8ed8791bab6e773b
  operation  : devolucion
  book_code  : BOOK-220
  user_id    : 68
------------------------------------------------------------------------

------------------------------------------------------------------------
                            RESPUESTA DEL GC                            
------------------------------------------------------------------------
  status  : OK
  estado  : ok
  mensaje : Operacion aceptada
  ts      : 2025-11-19T23:24:57.364498Z
  info    :
    - operacion: devolucion
    - book_code: BOOK-220
    - user_id: 68
    - recv_ts: 2025-11-19T23:24:57.364486Z
------------------------------------------------------------------------

------------------------------------------------------------------------
                        ENVÍO 13/50 (intento 1)                         
------------------------------------------------------------------------
  request_id : 55f3752aeafa4e5dbefd42529e47de22
  operation  : devolucion
  book_code  : BOOK-254
  user_id    : 2
------------------------------------------------------------------------

------------------------------------------------------------------------
                            RESPUESTA DEL GC                            
------------------------------------------------------------------------
  status  : OK
  estado  : ok
  mensaje : Operacion aceptada
  ts      : 2025-11-19T23:24:57.366242Z
  info    :
    - operacion: devolucion
    - book_code: BOOK-254
    - user_id: 2
    - recv_ts: 2025-11-19T23:24:57.366217Z
------------------------------------------------------------------------

------------------------------------------------------------------------
                        ENVÍO 14/50 (intento 1)                         
------------------------------------------------------------------------
  request_id : b1f1b80cf0a34a3d88b2b80c01484461
  operation  : renovacion
  book_code  : BOOK-790
  user_id    : 77
------------------------------------------------------------------------

------------------------------------------------------------------------
                            RESPUESTA DEL GC                            
------------------------------------------------------------------------
  status  : OK
  estado  : ok
  mensaje : Operacion aceptada
  ts      : 2025-11-19T23:24:57.367756Z
  info    :
    - operacion: renovacion
    - book_code: BOOK-790
    - user_id: 77
    - recv_ts: 2025-11-19T23:24:57.367728Z
------------------------------------------------------------------------

------------------------------------------------------------------------
                        ENVÍO 15/50 (intento 1)                         
------------------------------------------------------------------------
  request_id : 976040f84660429d99dd52068b63f257
  operation  : renovacion
  book_code  : BOOK-178
  user_id    : 74
------------------------------------------------------------------------

------------------------------------------------------------------------
                            RESPUESTA DEL GC                            
------------------------------------------------------------------------
  status  : OK
  estado  : ok
  mensaje : Operacion aceptada
  ts      : 2025-11-19T23:24:57.368273Z
  info    :
    - operacion: renovacion
    - book_code: BOOK-178
    - user_id: 74
    - recv_ts: 2025-11-19T23:24:57.368251Z
------------------------------------------------------------------------

------------------------------------------------------------------------
                        ENVÍO 16/50 (intento 1)                         
------------------------------------------------------------------------
  request_id : 4fe3b9dfedfc44fd9ac1773982e39add
  operation  : renovacion
  book_code  : BOOK-627
  user_id    : 44
------------------------------------------------------------------------

------------------------------------------------------------------------
                            RESPUESTA DEL GC                            
------------------------------------------------------------------------
  status  : OK
  estado  : ok
  mensaje : Operacion aceptada
  ts      : 2025-11-19T23:24:57.368780Z
  info    :
    - operacion: renovacion
    - book_code: BOOK-627
    - user_id: 44
    - recv_ts: 2025-11-19T23:24:57.368759Z
------------------------------------------------------------------------

------------------------------------------------------------------------
                        ENVÍO 17/50 (intento 1)                         
------------------------------------------------------------------------
  request_id : b9328447414743c78cc567e829fc3046
  operation  : devolucion
  book_code  : BOOK-692
  user_id    : 13
------------------------------------------------------------------------

------------------------------------------------------------------------
                            RESPUESTA DEL GC                            
------------------------------------------------------------------------
  status  : OK
  estado  : ok
  mensaje : Operacion aceptada
  ts      : 2025-11-19T23:24:57.369697Z
  info    :
    - operacion: devolucion
    - book_code: BOOK-692
    - user_id: 13
    - recv_ts: 2025-11-19T23:24:57.369675Z
------------------------------------------------------------------------

------------------------------------------------------------------------
                        ENVÍO 18/50 (intento 1)                         
------------------------------------------------------------------------
  request_id : 868154f166a44c2d8ce537a079c4d87f
  operation  : renovacion
  book_code  : BOOK-490
  user_id    : 92
------------------------------------------------------------------------

------------------------------------------------------------------------
                            RESPUESTA DEL GC                            
------------------------------------------------------------------------
  status  : OK
  estado  : ok
  mensaje : Operacion aceptada
  ts      : 2025-11-19T23:24:57.370154Z
  info    :
    - operacion: renovacion
    - book_code: BOOK-490
    - user_id: 92
    - recv_ts: 2025-11-19T23:24:57.370133Z
------------------------------------------------------------------------

------------------------------------------------------------------------
                        ENVÍO 19/50 (intento 1)                         
------------------------------------------------------------------------
  request_id : 9346cdad06074387ad1b796657da90de
  operation  : devolucion
  book_code  : BOOK-134
  user_id    : 32
------------------------------------------------------------------------

------------------------------------------------------------------------
                            RESPUESTA DEL GC                            
------------------------------------------------------------------------
  status  : OK
  estado  : ok
  mensaje : Operacion aceptada
  ts      : 2025-11-19T23:24:57.370577Z
  info    :
    - operacion: devolucion
    - book_code: BOOK-134
    - user_id: 32
    - recv_ts: 2025-11-19T23:24:57.370554Z
------------------------------------------------------------------------

------------------------------------------------------------------------
                        ENVÍO 20/50 (intento 1)                         
------------------------------------------------------------------------
  request_id : 93de6f74f9824f7aa95343d571c75c05
  operation  : devolucion
  book_code  : BOOK-782
  user_id    : 90
------------------------------------------------------------------------

------------------------------------------------------------------------
                            RESPUESTA DEL GC                            
------------------------------------------------------------------------
  status  : OK
  estado  : ok
  mensaje : Operacion aceptada
  ts      : 2025-11-19T23:24:57.370976Z
  info    :
    - operacion: devolucion
    - book_code: BOOK-782
    - user_id: 90
    - recv_ts: 2025-11-19T23:24:57.370955Z
------------------------------------------------------------------------

------------------------------------------------------------------------
                        ENVÍO 21/50 (intento 1)                         
------------------------------------------------------------------------
  request_id : 267a72c50bb64a93b1bb829f4e1b0afe
  operation  : renovacion
  book_code  : BOOK-953
  user_id    : 10
------------------------------------------------------------------------

------------------------------------------------------------------------
                            RESPUESTA DEL GC                            
------------------------------------------------------------------------
  status  : OK
  estado  : ok
  mensaje : Operacion aceptada
  ts      : 2025-11-19T23:24:57.371371Z
  info    :
    - operacion: renovacion
    - book_code: BOOK-953
    - user_id: 10
    - recv_ts: 2025-11-19T23:24:57.371351Z
------------------------------------------------------------------------

------------------------------------------------------------------------
                        ENVÍO 22/50 (intento 1)                         
------------------------------------------------------------------------
  request_id : d5a64dc60bce4d4fa2145b291b6ec71c
  operation  : renovacion
  book_code  : BOOK-211
  user_id    : 40
------------------------------------------------------------------------

------------------------------------------------------------------------
                            RESPUESTA DEL GC                            
------------------------------------------------------------------------
  status  : OK
  estado  : ok
  mensaje : Operacion aceptada
  ts      : 2025-11-19T23:24:57.371800Z
  info    :
    - operacion: renovacion
    - book_code: BOOK-211
    - user_id: 40
    - recv_ts: 2025-11-19T23:24:57.371781Z
------------------------------------------------------------------------

------------------------------------------------------------------------
                        ENVÍO 23/50 (intento 1)                         
------------------------------------------------------------------------
  request_id : e08572670d38426ba43736f0426e5090
  operation  : devolucion
  book_code  : BOOK-835
  user_id    : 27
------------------------------------------------------------------------

------------------------------------------------------------------------
                            RESPUESTA DEL GC                            
------------------------------------------------------------------------
  status  : OK
  estado  : ok
  mensaje : Operacion aceptada
  ts      : 2025-11-19T23:24:57.372155Z
  info    :
    - operacion: devolucion
    - book_code: BOOK-835
    - user_id: 27
    - recv_ts: 2025-11-19T23:24:57.372136Z
------------------------------------------------------------------------

------------------------------------------------------------------------
                        ENVÍO 24/50 (intento 1)                         
------------------------------------------------------------------------
  request_id : d688604ba3e44d4ba05dca5f5dc62827
  operation  : renovacion
  book_code  : BOOK-554
  user_id    : 41
------------------------------------------------------------------------

------------------------------------------------------------------------
                            RESPUESTA DEL GC                            
------------------------------------------------------------------------
  status  : OK
  estado  : ok
  mensaje : Operacion aceptada
  ts      : 2025-11-19T23:24:57.372611Z
  info    :
    - operacion: renovacion
    - book_code: BOOK-554
    - user_id: 41
    - recv_ts: 2025-11-19T23:24:57.372591Z
------------------------------------------------------------------------

------------------------------------------------------------------------
                        ENVÍO 25/50 (intento 1)                         
------------------------------------------------------------------------
  request_id : 2cb5e6def20e475ea24680e44b5d2e5d
  operation  : renovacion
  book_code  : BOOK-659
  user_id    : 70
------------------------------------------------------------------------

------------------------------------------------------------------------
                            RESPUESTA DEL GC                            
------------------------------------------------------------------------
  status  : OK
  estado  : ok
  mensaje : Operacion aceptada
  ts      : 2025-11-19T23:24:57.373318Z
  info    :
    - operacion: renovacion
    - book_code: BOOK-659
    - user_id: 70
    - recv_ts: 2025-11-19T23:24:57.373295Z
------------------------------------------------------------------------

------------------------------------------------------------------------
                        ENVÍO 26/50 (intento 1)                         
------------------------------------------------------------------------
  request_id : 192232a37e04463e9ccf38037c9623cf
  operation  : renovacion
  book_code  : BOOK-690
  user_id    : 87
------------------------------------------------------------------------

------------------------------------------------------------------------
                            RESPUESTA DEL GC                            
------------------------------------------------------------------------
  status  : OK
  estado  : ok
  mensaje : Operacion aceptada
  ts      : 2025-11-19T23:24:57.374431Z
  info    :
    - operacion: renovacion
    - book_code: BOOK-690
    - user_id: 87
    - recv_ts: 2025-11-19T23:24:57.374409Z
------------------------------------------------------------------------

------------------------------------------------------------------------
                        ENVÍO 27/50 (intento 1)                         
------------------------------------------------------------------------
  request_id : 8b400fac6f0a4fa0ab821361ba673299
  operation  : renovacion
  book_code  : BOOK-512
  user_id    : 5
------------------------------------------------------------------------

------------------------------------------------------------------------
                            RESPUESTA DEL GC                            
------------------------------------------------------------------------
  status  : OK
  estado  : ok
  mensaje : Operacion aceptada
  ts      : 2025-11-19T23:24:57.375546Z
  info    :
    - operacion: renovacion
    - book_code: BOOK-512
    - user_id: 5
    - recv_ts: 2025-11-19T23:24:57.375524Z
------------------------------------------------------------------------

------------------------------------------------------------------------
                        ENVÍO 28/50 (intento 1)                         
------------------------------------------------------------------------
  request_id : ce49c64878ec4d8fa84dfc41ad806bef
  operation  : renovacion
  book_code  : BOOK-569
  user_id    : 63
------------------------------------------------------------------------

------------------------------------------------------------------------
                            RESPUESTA DEL GC                            
------------------------------------------------------------------------
  status  : OK
  estado  : ok
  mensaje : Operacion aceptada
  ts      : 2025-11-19T23:24:57.376046Z
  info    :
    - operacion: renovacion
    - book_code: BOOK-569
    - user_id: 63
    - recv_ts: 2025-11-19T23:24:57.376034Z
------------------------------------------------------------------------

------------------------------------------------------------------------
                        ENVÍO 29/50 (intento 1)                         
------------------------------------------------------------------------
  request_id : ded6832dd28142bfaec9b5070c99b5f6
  operation  : renovacion
  book_code  : BOOK-946
  user_id    : 100
------------------------------------------------------------------------

------------------------------------------------------------------------
                            RESPUESTA DEL GC                            
------------------------------------------------------------------------
  status  : OK
  estado  : ok
  mensaje : Operacion aceptada
  ts      : 2025-11-19T23:24:57.376650Z
  info    :
    - operacion: renovacion
    - book_code: BOOK-946
    - user_id: 100
    - recv_ts: 2025-11-19T23:24:57.376629Z
------------------------------------------------------------------------

------------------------------------------------------------------------
                        ENVÍO 30/50 (intento 1)                         
------------------------------------------------------------------------
  request_id : cce070756b7141499e7280e7121168a0
  operation  : devolucion
  book_code  : BOOK-119
  user_id    : 71
------------------------------------------------------------------------

------------------------------------------------------------------------
                            RESPUESTA DEL GC                            
------------------------------------------------------------------------
  status  : OK
  estado  : ok
  mensaje : Operacion aceptada
  ts      : 2025-11-19T23:24:57.377429Z
  info    :
    - operacion: devolucion
    - book_code: BOOK-119
    - user_id: 71
    - recv_ts: 2025-11-19T23:24:57.377397Z
------------------------------------------------------------------------

------------------------------------------------------------------------
                        ENVÍO 31/50 (intento 1)                         
------------------------------------------------------------------------
  request_id : 737b198f17ce46dc82ea3b73f49c039e
  operation  : devolucion
  book_code  : BOOK-126
  user_id    : 5
------------------------------------------------------------------------

------------------------------------------------------------------------
                            RESPUESTA DEL GC                            
------------------------------------------------------------------------
  status  : OK
  estado  : ok
  mensaje : Operacion aceptada
  ts      : 2025-11-19T23:24:57.378700Z
  info    :
    - operacion: devolucion
    - book_code: BOOK-126
    - user_id: 5
    - recv_ts: 2025-11-19T23:24:57.378688Z
------------------------------------------------------------------------

------------------------------------------------------------------------
                        ENVÍO 32/50 (intento 1)                         
------------------------------------------------------------------------
  request_id : e5a406b924ed402f9d90ea3036c1a52c
  operation  : devolucion
  book_code  : BOOK-20
  user_id    : 11
------------------------------------------------------------------------

------------------------------------------------------------------------
                            RESPUESTA DEL GC                            
------------------------------------------------------------------------
  status  : OK
  estado  : ok
  mensaje : Operacion aceptada
  ts      : 2025-11-19T23:24:57.379689Z
  info    :
    - operacion: devolucion
    - book_code: BOOK-20
    - user_id: 11
    - recv_ts: 2025-11-19T23:24:57.379666Z
------------------------------------------------------------------------

------------------------------------------------------------------------
                        ENVÍO 33/50 (intento 1)                         
------------------------------------------------------------------------
  request_id : 6a12678fd9f44170b44d4f14d16d586c
  operation  : renovacion
  book_code  : BOOK-360
  user_id    : 56
------------------------------------------------------------------------

------------------------------------------------------------------------
                            RESPUESTA DEL GC                            
------------------------------------------------------------------------
  status  : OK
  estado  : ok
  mensaje : Operacion aceptada
  ts      : 2025-11-19T23:24:57.380681Z
  info    :
    - operacion: renovacion
    - book_code: BOOK-360
    - user_id: 56
    - recv_ts: 2025-11-19T23:24:57.380658Z
------------------------------------------------------------------------

------------------------------------------------------------------------
                        ENVÍO 34/50 (intento 1)                         
------------------------------------------------------------------------
  request_id : 65ae5271d9fd4fb58528d3efeff4331d
  operation  : renovacion
  book_code  : BOOK-565
  user_id    : 57
------------------------------------------------------------------------

------------------------------------------------------------------------
                            RESPUESTA DEL GC                            
------------------------------------------------------------------------
  status  : OK
  estado  : ok
  mensaje : Operacion aceptada
  ts      : 2025-11-19T23:24:57.381953Z
  info    :
    - operacion: renovacion
    - book_code: BOOK-565
    - user_id: 57
    - recv_ts: 2025-11-19T23:24:57.381935Z
------------------------------------------------------------------------

------------------------------------------------------------------------
                        ENVÍO 35/50 (intento 1)                         
------------------------------------------------------------------------
  request_id : cec05c38f8c84782b60ec37b1b6500f0
  operation  : renovacion
  book_code  : BOOK-15
  user_id    : 16
------------------------------------------------------------------------

------------------------------------------------------------------------
                            RESPUESTA DEL GC                            
------------------------------------------------------------------------
  status  : OK
  estado  : ok
  mensaje : Operacion aceptada
  ts      : 2025-11-19T23:24:57.383173Z
  info    :
    - operacion: renovacion
    - book_code: BOOK-15
    - user_id: 16
    - recv_ts: 2025-11-19T23:24:57.383150Z
------------------------------------------------------------------------

------------------------------------------------------------------------
                        ENVÍO 36/50 (intento 1)                         
------------------------------------------------------------------------
  request_id : b7cc7945944c4724b7c9ed3203b195d3
  operation  : devolucion
  book_code  : BOOK-824
  user_id    : 80
------------------------------------------------------------------------

------------------------------------------------------------------------
                            RESPUESTA DEL GC                            
------------------------------------------------------------------------
  status  : OK
  estado  : ok
  mensaje : Operacion aceptada
  ts      : 2025-11-19T23:24:57.383845Z
  info    :
    - operacion: devolucion
    - book_code: BOOK-824
    - user_id: 80
    - recv_ts: 2025-11-19T23:24:57.383816Z
------------------------------------------------------------------------

------------------------------------------------------------------------
                        ENVÍO 37/50 (intento 1)                         
------------------------------------------------------------------------
  request_id : 39b7db4eaf3b42bbab69d57ac90061c4
  operation  : devolucion
  book_code  : BOOK-474
  user_id    : 10
------------------------------------------------------------------------

------------------------------------------------------------------------
                            RESPUESTA DEL GC                            
------------------------------------------------------------------------
  status  : OK
  estado  : ok
  mensaje : Operacion aceptada
  ts      : 2025-11-19T23:24:57.384599Z
  info    :
    - operacion: devolucion
    - book_code: BOOK-474
    - user_id: 10
    - recv_ts: 2025-11-19T23:24:57.384572Z
------------------------------------------------------------------------

------------------------------------------------------------------------
                        ENVÍO 38/50 (intento 1)                         
------------------------------------------------------------------------
  request_id : 90b062d83780476baf49bbc800d0b8a7
  operation  : renovacion
  book_code  : BOOK-939
  user_id    : 69
------------------------------------------------------------------------

------------------------------------------------------------------------
                            RESPUESTA DEL GC                            
------------------------------------------------------------------------
  status  : OK
  estado  : ok
  mensaje : Operacion aceptada
  ts      : 2025-11-19T23:24:57.385840Z
  info    :
    - operacion: renovacion
    - book_code: BOOK-939
    - user_id: 69
    - recv_ts: 2025-11-19T23:24:57.385824Z
------------------------------------------------------------------------

------------------------------------------------------------------------
                        ENVÍO 39/50 (intento 1)                         
------------------------------------------------------------------------
  request_id : 884fe3be665d465b9115576b93e1e518
  operation  : devolucion
  book_code  : BOOK-109
  user_id    : 51
------------------------------------------------------------------------

------------------------------------------------------------------------
                            RESPUESTA DEL GC                            
------------------------------------------------------------------------
  status  : OK
  estado  : ok
  mensaje : Operacion aceptada
  ts      : 2025-11-19T23:24:57.386312Z
  info    :
    - operacion: devolucion
    - book_code: BOOK-109
    - user_id: 51
    - recv_ts: 2025-11-19T23:24:57.386290Z
------------------------------------------------------------------------

------------------------------------------------------------------------
                        ENVÍO 40/50 (intento 1)                         
------------------------------------------------------------------------
  request_id : cee77456384b486fbfcba87aa4ecc57e
  operation  : renovacion
  book_code  : BOOK-176
  user_id    : 13
------------------------------------------------------------------------

------------------------------------------------------------------------
                            RESPUESTA DEL GC                            
------------------------------------------------------------------------
  status  : OK
  estado  : ok
  mensaje : Operacion aceptada
  ts      : 2025-11-19T23:24:57.387840Z
  info    :
    - operacion: renovacion
    - book_code: BOOK-176
    - user_id: 13
    - recv_ts: 2025-11-19T23:24:57.387822Z
------------------------------------------------------------------------

------------------------------------------------------------------------
                        ENVÍO 41/50 (intento 1)                         
------------------------------------------------------------------------
  request_id : 486f9a98a50d4bc48bbcadbf394eefe1
  operation  : devolucion
  book_code  : BOOK-640
  user_id    : 42
------------------------------------------------------------------------

------------------------------------------------------------------------
                            RESPUESTA DEL GC                            
------------------------------------------------------------------------
  status  : OK
  estado  : ok
  mensaje : Operacion aceptada
  ts      : 2025-11-19T23:24:57.389032Z
  info    :
    - operacion: devolucion
    - book_code: BOOK-640
    - user_id: 42
    - recv_ts: 2025-11-19T23:24:57.389010Z
------------------------------------------------------------------------

------------------------------------------------------------------------
                        ENVÍO 42/50 (intento 1)                         
------------------------------------------------------------------------
  request_id : 4da9ac4b5c6e43b2957c3b0104c610fe
  operation  : devolucion
  book_code  : BOOK-983
  user_id    : 1
------------------------------------------------------------------------

------------------------------------------------------------------------
                            RESPUESTA DEL GC                            
------------------------------------------------------------------------
  status  : OK
  estado  : ok
  mensaje : Operacion aceptada
  ts      : 2025-11-19T23:24:57.389528Z
  info    :
    - operacion: devolucion
    - book_code: BOOK-983
    - user_id: 1
    - recv_ts: 2025-11-19T23:24:57.389510Z
------------------------------------------------------------------------

------------------------------------------------------------------------
                        ENVÍO 43/50 (intento 1)                         
------------------------------------------------------------------------
  request_id : 5b8311c41f37456c83e6082052f9836f
  operation  : renovacion
  book_code  : BOOK-583
  user_id    : 29
------------------------------------------------------------------------

------------------------------------------------------------------------
                            RESPUESTA DEL GC                            
------------------------------------------------------------------------
  status  : OK
  estado  : ok
  mensaje : Operacion aceptada
  ts      : 2025-11-19T23:24:57.390032Z
  info    :
    - operacion: renovacion
    - book_code: BOOK-583
    - user_id: 29
    - recv_ts: 2025-11-19T23:24:57.390011Z
------------------------------------------------------------------------

------------------------------------------------------------------------
                        ENVÍO 44/50 (intento 1)                         
------------------------------------------------------------------------
  request_id : a32ae08524aa48b3b4a4cad3974e9700
  operation  : renovacion
  book_code  : BOOK-418
  user_id    : 95
------------------------------------------------------------------------

------------------------------------------------------------------------
                            RESPUESTA DEL GC                            
------------------------------------------------------------------------
  status  : OK
  estado  : ok
  mensaje : Operacion aceptada
  ts      : 2025-11-19T23:24:57.390955Z
  info    :
    - operacion: renovacion
    - book_code: BOOK-418
    - user_id: 95
    - recv_ts: 2025-11-19T23:24:57.390934Z
------------------------------------------------------------------------

------------------------------------------------------------------------
                        ENVÍO 45/50 (intento 1)                         
------------------------------------------------------------------------
  request_id : 27965daeb4f84fb4ab0eb1c596febd70
  operation  : devolucion
  book_code  : BOOK-1
  user_id    : 51
------------------------------------------------------------------------

------------------------------------------------------------------------
                            RESPUESTA DEL GC                            
------------------------------------------------------------------------
  status  : OK
  estado  : ok
  mensaje : Operacion aceptada
  ts      : 2025-11-19T23:24:57.392210Z
  info    :
    - operacion: devolucion
    - book_code: BOOK-1
    - user_id: 51
    - recv_ts: 2025-11-19T23:24:57.392197Z
------------------------------------------------------------------------

------------------------------------------------------------------------
                        ENVÍO 46/50 (intento 1)                         
------------------------------------------------------------------------
  request_id : 5c7dcd08ab1f49ebb1b5fe282aa09e65
  operation  : devolucion
  book_code  : BOOK-610
  user_id    : 25
------------------------------------------------------------------------

------------------------------------------------------------------------
                            RESPUESTA DEL GC                            
------------------------------------------------------------------------
  status  : OK
  estado  : ok
  mensaje : Operacion aceptada
  ts      : 2025-11-19T23:24:57.393175Z
  info    :
    - operacion: devolucion
    - book_code: BOOK-610
    - user_id: 25
    - recv_ts: 2025-11-19T23:24:57.393153Z
------------------------------------------------------------------------

------------------------------------------------------------------------
                        ENVÍO 47/50 (intento 1)                         
------------------------------------------------------------------------
  request_id : fbabed1c54544fa189c2fdec49a3ca58
  operation  : devolucion
  book_code  : BOOK-755
  user_id    : 99
------------------------------------------------------------------------

------------------------------------------------------------------------
                            RESPUESTA DEL GC                            
------------------------------------------------------------------------
  status  : OK
  estado  : ok
  mensaje : Operacion aceptada
  ts      : 2025-11-19T23:24:57.394266Z
  info    :
    - operacion: devolucion
    - book_code: BOOK-755
    - user_id: 99
    - recv_ts: 2025-11-19T23:24:57.394245Z
------------------------------------------------------------------------

------------------------------------------------------------------------
                        ENVÍO 48/50 (intento 1)                         
------------------------------------------------------------------------
  request_id : ffb6059ed00049f58fea654bff5b8cde
  operation  : renovacion
  book_code  : BOOK-42
  user_id    : 91
------------------------------------------------------------------------

------------------------------------------------------------------------
                            RESPUESTA DEL GC                            
------------------------------------------------------------------------
  status  : OK
  estado  : ok
  mensaje : Operacion aceptada
  ts      : 2025-11-19T23:24:57.394977Z
  info    :
    - operacion: renovacion
    - book_code: BOOK-42
    - user_id: 91
    - recv_ts: 2025-11-19T23:24:57.394957Z
------------------------------------------------------------------------

------------------------------------------------------------------------
                        ENVÍO 49/50 (intento 1)                         
------------------------------------------------------------------------
  request_id : 47cc12b8c1ef4cfea5fb6eaf34d0a5c5
  operation  : devolucion
  book_code  : BOOK-653
  user_id    : 52
------------------------------------------------------------------------

------------------------------------------------------------------------
                            RESPUESTA DEL GC                            
------------------------------------------------------------------------
  status  : OK
  estado  : ok
  mensaje : Operacion aceptada
  ts      : 2025-11-19T23:24:57.395475Z
  info    :
    - operacion: devolucion
    - book_code: BOOK-653
    - user_id: 52
    - recv_ts: 2025-11-19T23:24:57.395454Z
------------------------------------------------------------------------

------------------------------------------------------------------------
                        ENVÍO 50/50 (intento 1)                         
------------------------------------------------------------------------
  request_id : 7f8dbf08abab4ae3b574a6a11c238150
  operation  : renovacion
  book_code  : BOOK-34
  user_id    : 35
------------------------------------------------------------------------

------------------------------------------------------------------------
                            RESPUESTA DEL GC                            
------------------------------------------------------------------------
  status  : OK
  estado  : ok
  mensaje : Operacion aceptada
  ts      : 2025-11-19T23:24:57.396075Z
  info    :
    - operacion: renovacion
    - book_code: BOOK-34
    - user_id: 35
    - recv_ts: 2025-11-19T23:24:57.396055Z
------------------------------------------------------------------------


========================================================================
                               RESUMEN PS                               
------------------------------------------------------------------------
  OK        : 50
  FALLIDOS  : 0
  Log       : /home/estudiante/ProyectoDistribuidos/biblioteca-clientes/multi_ps_logs/ps1_metrics.txt
========================================================================

