
========================================================================
              PROCESO SOLICITANTE (PS) — REQ/REP contra GC              
------------------------------------------------------------------------
  Conectando a  : tcp://10.43.101.220:5555
  Timeout (s)   : 2.0
  Backoff (s)   : 0.5, 1.0, 2.0, 4.0
  Lote a enviar : 25 solicitudes
  Log métricas  : /home/estudiante/ProyectoDistribuidos/biblioteca-clientes/multi_ps_logs/ps2_metrics.txt
========================================================================

------------------------------------------------------------------------
                         ENVÍO 1/25 (intento 1)                         
------------------------------------------------------------------------
  request_id : 9f777eafa50249da9dc2b3394691f3e5
  operation  : devolucion
  book_code  : BOOK-653
  user_id    : 44
------------------------------------------------------------------------

------------------------------------------------------------------------
                            RESPUESTA DEL GC                            
------------------------------------------------------------------------
  status  : OK
  estado  : ok
  mensaje : Operacion aceptada
  ts      : 2025-11-18T16:31:32.917354Z
  info    :
    - operacion: devolucion
    - book_code: BOOK-653
    - user_id: 44
    - recv_ts: 2025-11-18T16:31:32.917321Z
------------------------------------------------------------------------

------------------------------------------------------------------------
                         ENVÍO 2/25 (intento 1)                         
------------------------------------------------------------------------
  request_id : 642021aa2f7c423c8d5534f1d1115b27
  operation  : devolucion
  book_code  : BOOK-42
  user_id    : 43
------------------------------------------------------------------------

------------------------------------------------------------------------
                            RESPUESTA DEL GC                            
------------------------------------------------------------------------
  status  : OK
  estado  : ok
  mensaje : Operacion aceptada
  ts      : 2025-11-18T16:31:32.921889Z
  info    :
    - operacion: devolucion
    - book_code: BOOK-42
    - user_id: 43
    - recv_ts: 2025-11-18T16:31:32.921865Z
------------------------------------------------------------------------

------------------------------------------------------------------------
                         ENVÍO 3/25 (intento 1)                         
------------------------------------------------------------------------
  request_id : f84e5fed00d54a9cbea24ca06c43d0a0
  operation  : devolucion
  book_code  : BOOK-751
  user_id    : 14
------------------------------------------------------------------------

------------------------------------------------------------------------
                            RESPUESTA DEL GC                            
------------------------------------------------------------------------
  status  : OK
  estado  : ok
  mensaje : Operacion aceptada
  ts      : 2025-11-18T16:31:32.924594Z
  info    :
    - operacion: devolucion
    - book_code: BOOK-751
    - user_id: 14
    - recv_ts: 2025-11-18T16:31:32.924571Z
------------------------------------------------------------------------

------------------------------------------------------------------------
                         ENVÍO 4/25 (intento 1)                         
------------------------------------------------------------------------
  request_id : 5dfc5474611f48868b821f0bf6e01f7b
  operation  : renovacion
  book_code  : BOOK-448
  user_id    : 44
------------------------------------------------------------------------

------------------------------------------------------------------------
                            RESPUESTA DEL GC                            
------------------------------------------------------------------------
  status  : OK
  estado  : ok
  mensaje : Operacion aceptada
  ts      : 2025-11-18T16:31:32.926401Z
  info    :
    - operacion: renovacion
    - book_code: BOOK-448
    - user_id: 44
    - recv_ts: 2025-11-18T16:31:32.926373Z
------------------------------------------------------------------------

------------------------------------------------------------------------
                         ENVÍO 5/25 (intento 1)                         
------------------------------------------------------------------------
  request_id : 87c35bb846d04b4196517ecbcbe27510
  operation  : renovacion
  book_code  : BOOK-485
  user_id    : 6
------------------------------------------------------------------------

------------------------------------------------------------------------
                            RESPUESTA DEL GC                            
------------------------------------------------------------------------
  status  : OK
  estado  : ok
  mensaje : Operacion aceptada
  ts      : 2025-11-18T16:31:32.928236Z
  info    :
    - operacion: renovacion
    - book_code: BOOK-485
    - user_id: 6
    - recv_ts: 2025-11-18T16:31:32.928224Z
------------------------------------------------------------------------

------------------------------------------------------------------------
                         ENVÍO 6/25 (intento 1)                         
------------------------------------------------------------------------
  request_id : 62fa56ded92f4a1eb39bdce513f529ff
  operation  : renovacion
  book_code  : BOOK-58
  user_id    : 82
------------------------------------------------------------------------

------------------------------------------------------------------------
                            RESPUESTA DEL GC                            
------------------------------------------------------------------------
  status  : OK
  estado  : ok
  mensaje : Operacion aceptada
  ts      : 2025-11-18T16:31:32.928663Z
  info    :
    - operacion: renovacion
    - book_code: BOOK-58
    - user_id: 82
    - recv_ts: 2025-11-18T16:31:32.928643Z
------------------------------------------------------------------------

------------------------------------------------------------------------
                         ENVÍO 7/25 (intento 1)                         
------------------------------------------------------------------------
  request_id : 3c22a3bbb8de4142a0ccf6f803993cd0
  operation  : devolucion
  book_code  : BOOK-374
  user_id    : 80
------------------------------------------------------------------------

------------------------------------------------------------------------
                            RESPUESTA DEL GC                            
------------------------------------------------------------------------
  status  : OK
  estado  : ok
  mensaje : Operacion aceptada
  ts      : 2025-11-18T16:31:32.929043Z
  info    :
    - operacion: devolucion
    - book_code: BOOK-374
    - user_id: 80
    - recv_ts: 2025-11-18T16:31:32.929028Z
------------------------------------------------------------------------

------------------------------------------------------------------------
                         ENVÍO 8/25 (intento 1)                         
------------------------------------------------------------------------
  request_id : c6506b1771974adb82893e10cac224e7
  operation  : renovacion
  book_code  : BOOK-986
  user_id    : 20
------------------------------------------------------------------------

------------------------------------------------------------------------
                            RESPUESTA DEL GC                            
------------------------------------------------------------------------
  status  : OK
  estado  : ok
  mensaje : Operacion aceptada
  ts      : 2025-11-18T16:31:32.929711Z
  info    :
    - operacion: renovacion
    - book_code: BOOK-986
    - user_id: 20
    - recv_ts: 2025-11-18T16:31:32.929691Z
------------------------------------------------------------------------

------------------------------------------------------------------------
                         ENVÍO 9/25 (intento 1)                         
------------------------------------------------------------------------
  request_id : e504e97e7ac147fda6428b6f2d4f2528
  operation  : renovacion
  book_code  : BOOK-41
  user_id    : 35
------------------------------------------------------------------------

------------------------------------------------------------------------
                            RESPUESTA DEL GC                            
------------------------------------------------------------------------
  status  : OK
  estado  : ok
  mensaje : Operacion aceptada
  ts      : 2025-11-18T16:31:32.930237Z
  info    :
    - operacion: renovacion
    - book_code: BOOK-41
    - user_id: 35
    - recv_ts: 2025-11-18T16:31:32.930208Z
------------------------------------------------------------------------

------------------------------------------------------------------------
                        ENVÍO 10/25 (intento 1)                         
------------------------------------------------------------------------
  request_id : 58d2e977d3904fcc97c2693e98ee945a
  operation  : renovacion
  book_code  : BOOK-408
  user_id    : 41
------------------------------------------------------------------------

------------------------------------------------------------------------
                            RESPUESTA DEL GC                            
------------------------------------------------------------------------
  status  : OK
  estado  : ok
  mensaje : Operacion aceptada
  ts      : 2025-11-18T16:31:32.930647Z
  info    :
    - operacion: renovacion
    - book_code: BOOK-408
    - user_id: 41
    - recv_ts: 2025-11-18T16:31:32.930627Z
------------------------------------------------------------------------

------------------------------------------------------------------------
                        ENVÍO 11/25 (intento 1)                         
------------------------------------------------------------------------
  request_id : e0c104ae74604c03b5a715cdb14bb470
  operation  : devolucion
  book_code  : BOOK-74
  user_id    : 67
------------------------------------------------------------------------

------------------------------------------------------------------------
                            RESPUESTA DEL GC                            
------------------------------------------------------------------------
  status  : OK
  estado  : ok
  mensaje : Operacion aceptada
  ts      : 2025-11-18T16:31:32.931332Z
  info    :
    - operacion: devolucion
    - book_code: BOOK-74
    - user_id: 67
    - recv_ts: 2025-11-18T16:31:32.931312Z
------------------------------------------------------------------------

------------------------------------------------------------------------
                        ENVÍO 12/25 (intento 1)                         
------------------------------------------------------------------------
  request_id : f0bed4ce3be345a89d1897a0077b2d1b
  operation  : devolucion
  book_code  : BOOK-102
  user_id    : 63
------------------------------------------------------------------------

------------------------------------------------------------------------
                            RESPUESTA DEL GC                            
------------------------------------------------------------------------
  status  : OK
  estado  : ok
  mensaje : Operacion aceptada
  ts      : 2025-11-18T16:31:32.931762Z
  info    :
    - operacion: devolucion
    - book_code: BOOK-102
    - user_id: 63
    - recv_ts: 2025-11-18T16:31:32.931729Z
------------------------------------------------------------------------

------------------------------------------------------------------------
                        ENVÍO 13/25 (intento 1)                         
------------------------------------------------------------------------
  request_id : 9a4f7d78ad4844c1aee5a46595dac225
  operation  : renovacion
  book_code  : BOOK-720
  user_id    : 91
------------------------------------------------------------------------

------------------------------------------------------------------------
                            RESPUESTA DEL GC                            
------------------------------------------------------------------------
  status  : OK
  estado  : ok
  mensaje : Operacion aceptada
  ts      : 2025-11-18T16:31:32.932477Z
  info    :
    - operacion: renovacion
    - book_code: BOOK-720
    - user_id: 91
    - recv_ts: 2025-11-18T16:31:32.932456Z
------------------------------------------------------------------------

------------------------------------------------------------------------
                        ENVÍO 14/25 (intento 1)                         
------------------------------------------------------------------------
  request_id : a2c6ecbeaec348aab48a7460cf2a7626
  operation  : devolucion
  book_code  : BOOK-882
  user_id    : 48
------------------------------------------------------------------------

------------------------------------------------------------------------
                            RESPUESTA DEL GC                            
------------------------------------------------------------------------
  status  : OK
  estado  : ok
  mensaje : Operacion aceptada
  ts      : 2025-11-18T16:31:32.934578Z
  info    :
    - operacion: devolucion
    - book_code: BOOK-882
    - user_id: 48
    - recv_ts: 2025-11-18T16:31:32.934555Z
------------------------------------------------------------------------

------------------------------------------------------------------------
                        ENVÍO 15/25 (intento 1)                         
------------------------------------------------------------------------
  request_id : 0c9348a709c04f22a9ca8097f1bb839d
  operation  : renovacion
  book_code  : BOOK-334
  user_id    : 3
------------------------------------------------------------------------

------------------------------------------------------------------------
                            RESPUESTA DEL GC                            
------------------------------------------------------------------------
  status  : OK
  estado  : ok
  mensaje : Operacion aceptada
  ts      : 2025-11-18T16:31:32.937847Z
  info    :
    - operacion: renovacion
    - book_code: BOOK-334
    - user_id: 3
    - recv_ts: 2025-11-18T16:31:32.937839Z
------------------------------------------------------------------------

------------------------------------------------------------------------
                        ENVÍO 16/25 (intento 1)                         
------------------------------------------------------------------------
  request_id : e2c43be0165b4fe7ae7fd07ef2b558c1
  operation  : renovacion
  book_code  : BOOK-14
  user_id    : 16
------------------------------------------------------------------------

------------------------------------------------------------------------
                            RESPUESTA DEL GC                            
------------------------------------------------------------------------
  status  : OK
  estado  : ok
  mensaje : Operacion aceptada
  ts      : 2025-11-18T16:31:32.939651Z
  info    :
    - operacion: renovacion
    - book_code: BOOK-14
    - user_id: 16
    - recv_ts: 2025-11-18T16:31:32.939643Z
------------------------------------------------------------------------

------------------------------------------------------------------------
                        ENVÍO 17/25 (intento 1)                         
------------------------------------------------------------------------
  request_id : 957033e592304f83b0901a03d1358cb1
  operation  : renovacion
  book_code  : BOOK-545
  user_id    : 54
------------------------------------------------------------------------

------------------------------------------------------------------------
                            RESPUESTA DEL GC                            
------------------------------------------------------------------------
  status  : OK
  estado  : ok
  mensaje : Operacion aceptada
  ts      : 2025-11-18T16:31:32.940082Z
  info    :
    - operacion: renovacion
    - book_code: BOOK-545
    - user_id: 54
    - recv_ts: 2025-11-18T16:31:32.940067Z
------------------------------------------------------------------------

------------------------------------------------------------------------
                        ENVÍO 18/25 (intento 1)                         
------------------------------------------------------------------------
  request_id : be194f79defd42d1951ae6c8e81e602e
  operation  : devolucion
  book_code  : BOOK-14
  user_id    : 70
------------------------------------------------------------------------

------------------------------------------------------------------------
                            RESPUESTA DEL GC                            
------------------------------------------------------------------------
  status  : OK
  estado  : ok
  mensaje : Operacion aceptada
  ts      : 2025-11-18T16:31:32.941993Z
  info    :
    - operacion: devolucion
    - book_code: BOOK-14
    - user_id: 70
    - recv_ts: 2025-11-18T16:31:32.941973Z
------------------------------------------------------------------------

------------------------------------------------------------------------
                        ENVÍO 19/25 (intento 1)                         
------------------------------------------------------------------------
  request_id : 454674110467431ab409ef317ebecf7d
  operation  : renovacion
  book_code  : BOOK-46
  user_id    : 46
------------------------------------------------------------------------

------------------------------------------------------------------------
                            RESPUESTA DEL GC                            
------------------------------------------------------------------------
  status  : OK
  estado  : ok
  mensaje : Operacion aceptada
  ts      : 2025-11-18T16:31:32.943771Z
  info    :
    - operacion: renovacion
    - book_code: BOOK-46
    - user_id: 46
    - recv_ts: 2025-11-18T16:31:32.943748Z
------------------------------------------------------------------------

------------------------------------------------------------------------
                        ENVÍO 20/25 (intento 1)                         
------------------------------------------------------------------------
  request_id : b702e1cddbb24776b9006de7e1b0497b
  operation  : renovacion
  book_code  : BOOK-427
  user_id    : 12
------------------------------------------------------------------------

------------------------------------------------------------------------
                            RESPUESTA DEL GC                            
------------------------------------------------------------------------
  status  : OK
  estado  : ok
  mensaje : Operacion aceptada
  ts      : 2025-11-18T16:31:32.945845Z
  info    :
    - operacion: renovacion
    - book_code: BOOK-427
    - user_id: 12
    - recv_ts: 2025-11-18T16:31:32.945830Z
------------------------------------------------------------------------

------------------------------------------------------------------------
                        ENVÍO 21/25 (intento 1)                         
------------------------------------------------------------------------
  request_id : c8b37ee0ae114999a8969267c0bfc821
  operation  : renovacion
  book_code  : BOOK-980
  user_id    : 11
------------------------------------------------------------------------

------------------------------------------------------------------------
                            RESPUESTA DEL GC                            
------------------------------------------------------------------------
  status  : OK
  estado  : ok
  mensaje : Operacion aceptada
  ts      : 2025-11-18T16:31:32.946502Z
  info    :
    - operacion: renovacion
    - book_code: BOOK-980
    - user_id: 11
    - recv_ts: 2025-11-18T16:31:32.946485Z
------------------------------------------------------------------------

------------------------------------------------------------------------
                        ENVÍO 22/25 (intento 1)                         
------------------------------------------------------------------------
  request_id : 3ef604f1612644f79d6933c290e58890
  operation  : devolucion
  book_code  : BOOK-464
  user_id    : 48
------------------------------------------------------------------------

------------------------------------------------------------------------
                            RESPUESTA DEL GC                            
------------------------------------------------------------------------
  status  : OK
  estado  : ok
  mensaje : Operacion aceptada
  ts      : 2025-11-18T16:31:32.948492Z
  info    :
    - operacion: devolucion
    - book_code: BOOK-464
    - user_id: 48
    - recv_ts: 2025-11-18T16:31:32.948483Z
------------------------------------------------------------------------

------------------------------------------------------------------------
                        ENVÍO 23/25 (intento 1)                         
------------------------------------------------------------------------
  request_id : 140791fc7f844235abcc6d6701b1b8b8
  operation  : devolucion
  book_code  : BOOK-967
  user_id    : 83
------------------------------------------------------------------------

------------------------------------------------------------------------
                            RESPUESTA DEL GC                            
------------------------------------------------------------------------
  status  : OK
  estado  : ok
  mensaje : Operacion aceptada
  ts      : 2025-11-18T16:31:32.949940Z
  info    :
    - operacion: devolucion
    - book_code: BOOK-967
    - user_id: 83
    - recv_ts: 2025-11-18T16:31:32.949932Z
------------------------------------------------------------------------

------------------------------------------------------------------------
                        ENVÍO 24/25 (intento 1)                         
------------------------------------------------------------------------
  request_id : cadd3aa5b2464be4a8bc50edc0c5cc8b
  operation  : devolucion
  book_code  : BOOK-648
  user_id    : 45
------------------------------------------------------------------------

------------------------------------------------------------------------
                            RESPUESTA DEL GC                            
------------------------------------------------------------------------
  status  : OK
  estado  : ok
  mensaje : Operacion aceptada
  ts      : 2025-11-18T16:31:32.952997Z
  info    :
    - operacion: devolucion
    - book_code: BOOK-648
    - user_id: 45
    - recv_ts: 2025-11-18T16:31:32.952988Z
------------------------------------------------------------------------

------------------------------------------------------------------------
                        ENVÍO 25/25 (intento 1)                         
------------------------------------------------------------------------
  request_id : 04a321e9e7eb4479ad1c8a0eba4332f4
  operation  : renovacion
  book_code  : BOOK-348
  user_id    : 16
------------------------------------------------------------------------

------------------------------------------------------------------------
                            RESPUESTA DEL GC                            
------------------------------------------------------------------------
  status  : OK
  estado  : ok
  mensaje : Operacion aceptada
  ts      : 2025-11-18T16:31:32.954598Z
  info    :
    - operacion: renovacion
    - book_code: BOOK-348
    - user_id: 16
    - recv_ts: 2025-11-18T16:31:32.954590Z
------------------------------------------------------------------------


========================================================================
                               RESUMEN PS                               
------------------------------------------------------------------------
  OK        : 25
  FALLIDOS  : 0
  Log       : /home/estudiante/ProyectoDistribuidos/biblioteca-clientes/multi_ps_logs/ps2_metrics.txt
========================================================================

